
> @workspace/kajal-furniture@0.0.0 build
> vite build

[36mvite v8.0.0 [32mbuilding client environment for production...[36m[39m
[2Ktransforming...✓ 3 modules transformed.
[31m✗[39m Build failed in 52ms
[31merror during build:
[31mBuild failed with 1 error:

[31m[builtin:vite-transform] Error:[0m plugin `builtin:vite-transform` threw an error

Caused by:
    Tsconfig not found C:/QR CODES\tsconfig.base.json
[31m
    at aggregateBindingErrorsIntoJsError (file:///C:/QR%20CODES/artifacts/kajal-furniture/node_modules/rolldown/dist/shared/error-CP8smW_P.mjs:48:18)
    at unwrapBindingResult (file:///C:/QR%20CODES/artifacts/kajal-furniture/node_modules/rolldown/dist/shared/error-CP8smW_P.mjs:18:128)
    at #build (file:///C:/QR%20CODES/artifacts/kajal-furniture/node_modules/rolldown/dist/shared/rolldown-build-4YnQkA76.mjs:3311:34)
    at async buildEnvironment (file:///C:/QR%20CODES/artifacts/kajal-furniture/node_modules/vite/dist/node/chunks/node.js:32794:64)
    at async Object.build (file:///C:/QR%20CODES/artifacts/kajal-furniture/node_modules/vite/dist/node/chunks/node.js:33216:19)
    at async Object.buildApp (file:///C:/QR%20CODES/artifacts/kajal-furniture/node_modules/vite/dist/node/chunks/node.js:33213:153)
    at async CAC.<anonymous> (file:///C:/QR%20CODES/artifacts/kajal-furniture/node_modules/vite/dist/node/cli.js:778:3) {
  errors: [Getter/Setter]
}[39m
